Running "module reset". Resetting modules to system default. The following $MODULEPATH directories have been removed: None

Currently Loaded Modules:
  1) cue-login-env/1.0   4) openmpi/4.1.2   7) default
  2) gcc/11.2.0          5) cuda/11.6.1     8) cudnn/8.4.1.50
  3) ucx/1.11.2          6) modtree/gpu     9) anaconda3_gpu/4.13.0

 

job is starting on gpuc06.delta.ncsa.illinois.edu
[0.07542644 0.         0.12774417 0.00118097 0.04545692 0.
 0.07530513 0.0467115  0.         0.         0.         0.05022937
 0.         0.00086204 0.         0.03082321 0.13686237 0.05492425
 0.11042517 0.11199846 0.         0.01615994 0.         0.06969728
 0.         0.03780432 0.10290113 0.09642148 0.0267115  0.04726604
 0.1302552  0.         0.         0.         0.10735234 0.10897114
 0.         0.         0.         0.02786662 0.05160478 0.
 0.0524573  0.00757555 0.         0.1465848  0.04225298 0.06777327
 0.10790812 0.13849454 0.         0.         0.         0.
 0.         0.         0.01615143 0.         0.         0.10779396
 0.09112982 0.         0.02203937 0.0789973  0.         0.02245806
 0.         0.06297076 0.10767242 0.01079738 0.         0.02425855
 0.         0.08501103 0.09372225 0.         0.06128379 0.06850976
 0.01219126 0.08369338 0.03353729 0.0052437  0.14155454 0.
 0.10720545 0.         0.01359159 0.         0.06372593 0.
 0.         0.14603381 0.         0.05197224 0.         0.11381489
 0.09226678 0.         0.09562692 0.         0.         0.05763623
 0.01213197 0.12086451 0.         0.         0.         0.
 0.         0.         0.12530607 0.1358563  0.         0.06958348
 0.         0.         0.         0.         0.         0.10725857
 0.0111899  0.         0.13036981 0.06056869 0.         0.05091573
 0.         0.11084573 0.         0.12545374 0.05574074 0.
 0.         0.03994775 0.1388114  0.         0.02237017 0.
 0.09108956 0.12460334 0.06289686 0.         0.         0.07581476
 0.05893806 0.04091916 0.08865631 0.         0.07266802 0.06957491
 0.10798698 0.04306771 0.         0.03017106 0.14412594 0.
 0.14069683 0.13151281 0.06470762 0.         0.         0.
 0.11807403 0.0696341  0.07249128 0.03748183 0.08915598 0.
 0.         0.         0.         0.08771161 0.         0.
 0.09382017 0.         0.         0.04563928 0.         0.05530613
 0.         0.         0.         0.08756875 0.06957697 0.14609974
 0.03307884 0.06667638 0.         0.         0.08387878 0.10097928
 0.         0.03190905 0.0215542  0.03738055 0.05810472 0.
 0.11741312 0.         0.         0.02924847 0.0326219  0.03884097
 0.         0.         0.10019546 0.01443376 0.10190944 0.
 0.12912675 0.         0.         0.         0.1178581  0.04939411
 0.04784993 0.0168688  0.         0.01474196 0.         0.10229357
 0.13773231 0.01447154 0.         0.0191059  0.         0.08336846
 0.         0.06287706 0.         0.05831096 0.         0.06639656
 0.         0.0467946  0.14265815 0.         0.         0.02091987
 0.07486021 0.02827269 0.00369204 0.         0.         0.09859531
 0.03618172 0.         0.06300448 0.         0.10132424 0.13928238
 0.09838622 0.02684747 0.         0.11927165]
==================================================
seed  14
N_test  8
num_overflow_bit  2
threshold_helper_u  0.25
threshold_helper_l  -0.25
device_name_standard_maker  default.qubit
device_global_search default.qubit
threshold_max  -0.75
threshold_min  0.75
threshold_min_backtrack  -0.98
threshold_max_backtrack  0.98
vqs_find_sucess  0.016
127
-127
0
k_binary_global_search_max:  -65
done
k_binary_global_search_min:  98
done
initial_state_phi1=[0.07542644373618314, 0.0, 0.12774416802793767, 0.0011809720232522725, 0.04545691590574561, 0.0, 0.07530512710577422, 0.046711495645591496, 0.0, 0.0, 0.0, 0.050229367838241785, 0.0, 0.0008620381229827859, 0.0, 0.030823209185221755, 0.13686236753973155, 0.054924245799382376, 0.11042517464309434, 0.11199845602251161, 0.0, 0.016159941931594913, 0.0, 0.06969727980618587, 0.0, 0.037804324900736125, 0.10290112948936263, 0.09642148033145717, 0.026711500524222817, 0.04726603915095154, 0.13025520199713336, 0.0, 0.0, 0.0, 0.10735233894170247, 0.10897113781021714, 0.0, 0.0, 0.0, 0.027866618808241535, 0.0516047821911026, 0.0, 0.052457296397159944, 0.007575550896471432, 0.0, 0.14658479529013305, 0.04225298319774374, 0.06777326865887277, 0.10790811764782945, 0.1384945405867468, 0.0, 0.0, 0.0, 0.0, 0.0, 0.0, 0.016151426954999867, 0.0, 0.0, 0.10779395550040519, 0.09112981742129035, 0.0, 0.022039370450357008, 0.07899729658784145, 0.0, 0.022458060925975992, 0.0, 0.06297075669424902, 0.10767241629301288, 0.010797377665333462, 0.0, 0.024258552502802434, 0.0, 0.08501103282822679, 0.09372224691995559, 0.0, 0.06128379204807878, 0.06850975687273105, 0.012191257254091956, 0.0836933835890304, 0.03353729023230087, 0.005243701920572485, 0.14155453945861282, 0.0, 0.10720544872256534, 0.0, 0.013591587485251383, 0.0, 0.06372592823238882, 0.0, 0.0, 0.14603381209242422, 0.0, 0.05197224045349204, 0.0, 0.11381488900783686, 0.09226678030004057, 0.0, 0.09562692054456859, 0.0, 0.0, 0.057636227742599404, 0.012131965982095443, 0.12086450552863845, 0.0, 0.0, 0.0, 0.0, 0.0, 0.0, 0.12530607088146112, 0.13585630261274106, 0.0, 0.06958348125827127, 0.0, 0.0, 0.0, 0.0, 0.0, 0.10725856503487749, 0.011189900427067237, 0.0, 0.13036981126760794, 0.060568694975235204, 0.0, 0.05091572753779656, 0.0, 0.11084572872663691, 0.0, 0.1254537446669267, 0.055740735582177355, 0.0, 0.0, 0.03994774978510527, 0.13881139900597828, 0.0, 0.022370165532227915, 0.0, 0.09108955578855381, 0.12460333829349775, 0.06289685958490374, 0.0, 0.0, 0.07581476400043166, 0.05893805875613264, 0.04091915547739337, 0.08865631376762693, 0.0, 0.07266802121936089, 0.06957491399612252, 0.10798697575649824, 0.04306771475342633, 0.0, 0.030171058564637518, 0.14412593710565966, 0.0, 0.1406968273245551, 0.1315128055023111, 0.06470761846553016, 0.0, 0.0, 0.0, 0.11807403213212435, 0.06963410489139124, 0.0724912787988174, 0.03748183096023851, 0.08915598285232727, 0.0, 0.0, 0.0, 0.0, 0.08771160509776056, 0.0, 0.0, 0.09382016671424835, 0.0, 0.0, 0.045639275212540915, 0.0, 0.05530613003824376, 0.0, 0.0, 0.0, 0.08756875002586856, 0.06957697473484425, 0.1460997420086652, 0.03307884269429894, 0.06667637919596453, 0.0, 0.0, 0.08387878185731353, 0.1009792840099507, 0.0, 0.03190905377777339, 0.02155419754902667, 0.037380546210154506, 0.058104722893793495, 0.0, 0.11741312148723346, 0.0, 0.0, 0.029248474663241035, 0.0326218986227323, 0.038840968522807745, 0.0, 0.0, 0.10019545543673303, 0.01443376351250523, 0.10190943845213954, 0.0, 0.12912674808177782, 0.0, 0.0, 0.0, 0.11785810434288538, 0.049394110476223545, 0.04784992648574442, 0.016868803566918233, 0.0, 0.014741962596667296, 0.0, 0.10229356775870642, 0.13773231372196137, 0.014471542816311125, 0.0, 0.019105898512675173, 0.0, 0.0833684565612133, 0.0, 0.06287706071977128, 0.0, 0.05831095781454829, 0.0, 0.06639655679048992, 0.0, 0.046794598921052546, 0.1426581453895942, 0.0, 0.0, 0.020919865115585457, 0.07486021270295973, 0.02827268722903235, 0.0036920418928973074, 0.0, 0.0, 0.09859531021646085, 0.036181719925337155, 0.0, 0.06300448498327715, 0.0, 0.10132423925722721, 0.13928238365881832, 0.09838622489006182, 0.026847466991434716, 0.0, 0.11927165059745608]


rep=1
iter=  1 :: obj= -0.44935566 :: val1_1=  0.56629814 :: val1_2= -0.33241318 :: -0.5*(val1_1 - val1_2)= -0.44935566
iter= 50 :: obj= -7.25002772 :: val1_1=  7.07556388 :: val1_2= -7.42449156 :: -0.5*(val1_1 - val1_2)= -7.25002772
iter=100 :: obj= -7.86289263 :: val1_1=  7.87117985 :: val1_2= -7.85460541 :: -0.5*(val1_1 - val1_2)= -7.86289263
iter=150 :: obj= -8.21838897 :: val1_1=  8.28792629 :: val1_2= -8.14885166 :: -0.5*(val1_1 - val1_2)= -8.21838897
iter=200 :: obj= -8.53347505 :: val1_1=  8.31721884 :: val1_2= -8.74973127 :: -0.5*(val1_1 - val1_2)= -8.53347505
time consumed: 57.872084s, after for-iter
prb(last 2)=[(0.0004795874571303724-0.00020210805858226222j), (0.0005634738038229233-0.0002374594974367641j)]
time consumed: 57.928629s
[(9, '0000001001', 0.030947870741196294), (14, '0000001110', 0.04681909763129491), (17, '0000010001', 0.058841334005202264), (19, '0000010011', 0.02166138295304059), (26, '0000011010', 0.05638930155209437), (30, '0000011110', 0.033848858355167794), (31, '0000011111', 0.028849199142328925), (33, '0000100001', 0.018999388946070717), (38, '0000100110', 0.038487246018531665), (45, '0000101101', 0.028092826838516334), (46, '0000101110', 0.042925497132051856), (54, '0000110110', 0.02025454647256761), (57, '0000111001', 0.03536595796616447), (58, '0000111010', 0.017823133024945717), (62, '0000111110', 0.026056195377510073)]
initial_state_phi1=[0.07542644373618314, 0.0, 0.12774416802793767, 0.0011809720232522725, 0.04545691590574561, 0.0, 0.07530512710577422, 0.046711495645591496, 0.0, 0.0, 0.0, 0.050229367838241785, 0.0, 0.0008620381229827859, 0.0, 0.030823209185221755, 0.13686236753973155, 0.054924245799382376, 0.11042517464309434, 0.11199845602251161, 0.0, 0.016159941931594913, 0.0, 0.06969727980618587, 0.0, 0.037804324900736125, 0.10290112948936263, 0.09642148033145717, 0.026711500524222817, 0.04726603915095154, 0.13025520199713336, 0.0, 0.0, 0.0, 0.10735233894170247, 0.10897113781021714, 0.0, 0.0, 0.0, 0.027866618808241535, 0.0516047821911026, 0.0, 0.052457296397159944, 0.007575550896471432, 0.0, 0.14658479529013305, 0.04225298319774374, 0.06777326865887277, 0.10790811764782945, 0.1384945405867468, 0.0, 0.0, 0.0, 0.0, 0.0, 0.0, 0.016151426954999867, 0.0, 0.0, 0.10779395550040519, 0.09112981742129035, 0.0, 0.022039370450357008, 0.07899729658784145, 0.0, 0.022458060925975992, 0.0, 0.06297075669424902, 0.10767241629301288, 0.010797377665333462, 0.0, 0.024258552502802434, 0.0, 0.08501103282822679, 0.09372224691995559, 0.0, 0.06128379204807878, 0.06850975687273105, 0.012191257254091956, 0.0836933835890304, 0.03353729023230087, 0.005243701920572485, 0.14155453945861282, 0.0, 0.10720544872256534, 0.0, 0.013591587485251383, 0.0, 0.06372592823238882, 0.0, 0.0, 0.14603381209242422, 0.0, 0.05197224045349204, 0.0, 0.11381488900783686, 0.09226678030004057, 0.0, 0.09562692054456859, 0.0, 0.0, 0.057636227742599404, 0.012131965982095443, 0.12086450552863845, 0.0, 0.0, 0.0, 0.0, 0.0, 0.0, 0.12530607088146112, 0.13585630261274106, 0.0, 0.06958348125827127, 0.0, 0.0, 0.0, 0.0, 0.0, 0.10725856503487749, 0.011189900427067237, 0.0, 0.13036981126760794, 0.060568694975235204, 0.0, 0.05091572753779656, 0.0, 0.11084572872663691, 0.0, 0.1254537446669267, 0.055740735582177355, 0.0, 0.0, 0.03994774978510527, 0.13881139900597828, 0.0, 0.022370165532227915, 0.0, 0.09108955578855381, 0.12460333829349775, 0.06289685958490374, 0.0, 0.0, 0.07581476400043166, 0.05893805875613264, 0.04091915547739337, 0.08865631376762693, 0.0, 0.07266802121936089, 0.06957491399612252, 0.10798697575649824, 0.04306771475342633, 0.0, 0.030171058564637518, 0.14412593710565966, 0.0, 0.1406968273245551, 0.1315128055023111, 0.06470761846553016, 0.0, 0.0, 0.0, 0.11807403213212435, 0.06963410489139124, 0.0724912787988174, 0.03748183096023851, 0.08915598285232727, 0.0, 0.0, 0.0, 0.0, 0.08771160509776056, 0.0, 0.0, 0.09382016671424835, 0.0, 0.0, 0.045639275212540915, 0.0, 0.05530613003824376, 0.0, 0.0, 0.0, 0.08756875002586856, 0.06957697473484425, 0.1460997420086652, 0.03307884269429894, 0.06667637919596453, 0.0, 0.0, 0.08387878185731353, 0.1009792840099507, 0.0, 0.03190905377777339, 0.02155419754902667, 0.037380546210154506, 0.058104722893793495, 0.0, 0.11741312148723346, 0.0, 0.0, 0.029248474663241035, 0.0326218986227323, 0.038840968522807745, 0.0, 0.0, 0.10019545543673303, 0.01443376351250523, 0.10190943845213954, 0.0, 0.12912674808177782, 0.0, 0.0, 0.0, 0.11785810434288538, 0.049394110476223545, 0.04784992648574442, 0.016868803566918233, 0.0, 0.014741962596667296, 0.0, 0.10229356775870642, 0.13773231372196137, 0.014471542816311125, 0.0, 0.019105898512675173, 0.0, 0.0833684565612133, 0.0, 0.06287706071977128, 0.0, 0.05831095781454829, 0.0, 0.06639655679048992, 0.0, 0.046794598921052546, 0.1426581453895942, 0.0, 0.0, 0.020919865115585457, 0.07486021270295973, 0.02827268722903235, 0.0036920418928973074, 0.0, 0.0, 0.09859531021646085, 0.036181719925337155, 0.0, 0.06300448498327715, 0.0, 0.10132423925722721, 0.13928238365881832, 0.09838622489006182, 0.026847466991434716, 0.0, 0.11927165059745608]


rep=1
iter=  1 :: obj= -0.23297577 :: val1_1=  0.65470773 :: val1_2=  0.18875619 :: -0.5*(val1_1 - val1_2)= -0.23297577
iter= 50 :: obj= -6.02306126 :: val1_1=  5.83468634 :: val1_2= -6.21143618 :: -0.5*(val1_1 - val1_2)= -6.02306126
iter=100 :: obj= -6.70629461 :: val1_1=  6.82319215 :: val1_2= -6.58939706 :: -0.5*(val1_1 - val1_2)= -6.70629461
iter=150 :: obj= -6.83673459 :: val1_1=  6.81051316 :: val1_2= -6.86295602 :: -0.5*(val1_1 - val1_2)= -6.83673459
time consumed: 46.29303s, after for-iter
prb(last 2)=[(0.058343429754706785+0.04002808919709313j), (0.04039683750355711+0.027715343812617112j)]
time consumed: 46.348335s
[(-29, '1111100011', 0.03579704122756388), (-28, '1111100100', 0.016055076717556852), (-24, '1111101000', 0.04708946461831644), (-20, '1111101100', 0.017051133550543263), (-19, '1111101101', 0.03476053828831323), (-18, '1111101110', 0.019585711049892023), (-15, '1111110001', 0.016563368598373835), (-12, '1111110100', 0.02084858903045563), (-10, '1111110110', 0.02166251571218987), (-9, '1111110111', 0.02610290801797178), (-8, '1111111000', 0.04158138949787087), (-4, '1111111100', 0.09680662022129925), (-2, '1111111110', 0.07075453144720024), (-1, '1111111111', 0.04899025171338041)]
vqs_res_min:  -29
vqs_res_max:  62
=========================================
k_helper=  0
k_binary_global_search_max=  -65
k_binary_global_search_min=  98
=========================================
Quantum Solution for Max=  127
Quantum Solution for Min=  -127
Classical Solution for Max:  127
Classical Solution for Min:  -127
done
