Running "module reset". Resetting modules to system default. The following $MODULEPATH directories have been removed: None

Currently Loaded Modules:
  1) cue-login-env/1.0   4) openmpi/4.1.2   7) default
  2) gcc/11.2.0          5) cuda/11.6.1     8) cudnn/8.4.1.50
  3) ucx/1.11.2          6) modtree/gpu     9) anaconda3_gpu/4.13.0

 

job is starting on gpuc05.delta.ncsa.illinois.edu
[0.         0.         0.         0.         0.         0.
 0.21525988 0.         0.         0.         0.         0.19357149
 0.         0.         0.         0.         0.         0.
 0.         0.         0.         0.         0.         0.
 0.         0.         0.         0.         0.         0.
 0.         0.         0.         0.00490592 0.         0.
 0.         0.         0.         0.         0.         0.
 0.         0.         0.         0.         0.         0.
 0.         0.         0.         0.06673172 0.         0.
 0.         0.         0.         0.2117003  0.         0.
 0.20739164 0.         0.         0.         0.         0.
 0.         0.         0.22927172 0.         0.         0.
 0.         0.         0.         0.         0.         0.
 0.         0.         0.         0.         0.         0.
 0.         0.         0.         0.         0.         0.
 0.         0.         0.         0.         0.         0.
 0.         0.         0.         0.         0.         0.
 0.         0.         0.         0.         0.         0.
 0.         0.         0.         0.15213468 0.         0.
 0.         0.         0.         0.         0.         0.
 0.         0.         0.         0.         0.         0.
 0.         0.         0.         0.         0.         0.
 0.09330929 0.         0.         0.2449602  0.         0.
 0.         0.         0.01388412 0.         0.         0.09942778
 0.         0.14308591 0.         0.         0.         0.00067292
 0.21225479 0.         0.         0.         0.         0.
 0.         0.         0.         0.         0.         0.
 0.         0.12493743 0.         0.02067757 0.         0.13179269
 0.         0.         0.         0.         0.         0.
 0.         0.         0.         0.06494478 0.         0.
 0.         0.         0.         0.         0.         0.
 0.         0.05191267 0.         0.         0.         0.
 0.         0.         0.23706917 0.         0.         0.
 0.         0.         0.         0.         0.         0.
 0.04035828 0.12469957 0.         0.         0.         0.
 0.         0.         0.         0.         0.         0.
 0.         0.         0.         0.         0.         0.06029838
 0.         0.         0.         0.         0.         0.
 0.         0.         0.         0.         0.         0.
 0.         0.         0.         0.         0.         0.
 0.         0.         0.         0.04419683 0.         0.
 0.         0.         0.         0.         0.         0.04393779
 0.         0.         0.         0.         0.         0.
 0.         0.         0.         0.         0.01778349 0.
 0.         0.         0.         0.         0.         0.13046036
 0.         0.         0.05759086 0.02559624 0.         0.
 0.         0.         0.         0.2274982  0.         0.
 0.         0.         0.         0.         0.05027505 0.
 0.         0.         0.         0.         0.         0.
 0.         0.         0.         0.         0.         0.
 0.         0.         0.         0.         0.         0.
 0.         0.         0.         0.         0.         0.
 0.         0.         0.20288365 0.         0.         0.08095134
 0.         0.         0.         0.         0.         0.
 0.02441965 0.         0.         0.         0.         0.14312419
 0.         0.         0.18108071 0.00248055 0.         0.
 0.         0.         0.         0.         0.         0.
 0.         0.         0.         0.         0.         0.
 0.         0.         0.         0.         0.         0.
 0.         0.         0.         0.         0.         0.
 0.         0.         0.         0.         0.         0.
 0.         0.         0.04415111 0.         0.         0.
 0.         0.         0.         0.         0.         0.
 0.         0.         0.         0.         0.         0.
 0.         0.19777434 0.         0.         0.         0.
 0.07314151 0.         0.         0.         0.         0.
 0.         0.         0.         0.         0.         0.
 0.         0.1278544  0.         0.         0.         0.2062974
 0.         0.         0.         0.         0.15972362 0.22748901
 0.         0.14452455 0.         0.         0.         0.00413953
 0.         0.         0.         0.         0.         0.
 0.         0.         0.         0.         0.         0.
 0.         0.         0.         0.         0.         0.
 0.         0.         0.         0.         0.         0.
 0.         0.         0.         0.         0.         0.
 0.         0.03271581 0.         0.03607151 0.         0.
 0.         0.         0.         0.         0.         0.
 0.04970499 0.         0.         0.02861273 0.         0.
 0.         0.1026572  0.         0.         0.         0.
 0.         0.14349777 0.         0.         0.         0.
 0.         0.         0.         0.         0.         0.
 0.         0.         0.         0.         0.         0.
 0.14943035 0.         0.         0.         0.         0.13843173
 0.         0.         0.         0.         0.         0.
 0.         0.         0.         0.         0.15390844 0.
 0.         0.        ]
==================================================
seed  55
N_test  9
num_overflow_bit  2
threshold_helper_u  0.25
threshold_helper_l  -0.25
device_name_standard_maker  default.qubit
device_global_search default.qubit
threshold_max  -0.75
threshold_min  0.75
threshold_min_backtrack  -0.98
threshold_max_backtrack  0.98
vqs_find_sucess  0.016
251
-250
0
k_binary_global_search_max:  -129
done
k_binary_global_search_min:  129
done
initial_state_phi1=[0.0, 0.0, 0.0, 0.0, 0.0, 0.0, 0.21525987507755145, 0.0, 0.0, 0.0, 0.0, 0.19357148744842761, 0.0, 0.0, 0.0, 0.0, 0.0, 0.0, 0.0, 0.0, 0.0, 0.0, 0.0, 0.0, 0.0, 0.0, 0.0, 0.0, 0.0, 0.0, 0.0, 0.0, 0.0, 0.004905915790097756, 0.0, 0.0, 0.0, 0.0, 0.0, 0.0, 0.0, 0.0, 0.0, 0.0, 0.0, 0.0, 0.0, 0.0, 0.0, 0.0, 0.0, 0.06673172222956912, 0.0, 0.0, 0.0, 0.0, 0.0, 0.2117003039159625, 0.0, 0.0, 0.2073916397825905, 0.0, 0.0, 0.0, 0.0, 0.0, 0.0, 0.0, 0.2292717200226778, 0.0, 0.0, 0.0, 0.0, 0.0, 0.0, 0.0, 0.0, 0.0, 0.0, 0.0, 0.0, 0.0, 0.0, 0.0, 0.0, 0.0, 0.0, 0.0, 0.0, 0.0, 0.0, 0.0, 0.0, 0.0, 0.0, 0.0, 0.0, 0.0, 0.0, 0.0, 0.0, 0.0, 0.0, 0.0, 0.0, 0.0, 0.0, 0.0, 0.0, 0.0, 0.0, 0.15213468491983934, 0.0, 0.0, 0.0, 0.0, 0.0, 0.0, 0.0, 0.0, 0.0, 0.0, 0.0, 0.0, 0.0, 0.0, 0.0, 0.0, 0.0, 0.0, 0.0, 0.0, 0.09330929261435873, 0.0, 0.0, 0.24496020205981928, 0.0, 0.0, 0.0, 0.0, 0.013884115429049085, 0.0, 0.0, 0.0994277788625304, 0.0, 0.1430859092306437, 0.0, 0.0, 0.0, 0.000672919230703466, 0.21225479016133658, 0.0, 0.0, 0.0, 0.0, 0.0, 0.0, 0.0, 0.0, 0.0, 0.0, 0.0, 0.0, 0.12493743244914296, 0.0, 0.020677574732928142, 0.0, 0.1317926944129849, 0.0, 0.0, 0.0, 0.0, 0.0, 0.0, 0.0, 0.0, 0.0, 0.06494478340085523, 0.0, 0.0, 0.0, 0.0, 0.0, 0.0, 0.0, 0.0, 0.0, 0.05191266841240368, 0.0, 0.0, 0.0, 0.0, 0.0, 0.0, 0.23706916692329588, 0.0, 0.0, 0.0, 0.0, 0.0, 0.0, 0.0, 0.0, 0.0, 0.04035828140752601, 0.12469957139687515, 0.0, 0.0, 0.0, 0.0, 0.0, 0.0, 0.0, 0.0, 0.0, 0.0, 0.0, 0.0, 0.0, 0.0, 0.0, 0.06029838366095997, 0.0, 0.0, 0.0, 0.0, 0.0, 0.0, 0.0, 0.0, 0.0, 0.0, 0.0, 0.0, 0.0, 0.0, 0.0, 0.0, 0.0, 0.0, 0.0, 0.0, 0.0, 0.04419682724213727, 0.0, 0.0, 0.0, 0.0, 0.0, 0.0, 0.0, 0.04393779117210457, 0.0, 0.0, 0.0, 0.0, 0.0, 0.0, 0.0, 0.0, 0.0, 0.0, 0.017783492602084564, 0.0, 0.0, 0.0, 0.0, 0.0, 0.0, 0.13046036243495426, 0.0, 0.0, 0.057590857138705785, 0.025596235082635397, 0.0, 0.0, 0.0, 0.0, 0.0, 0.22749819975815308, 0.0, 0.0, 0.0, 0.0, 0.0, 0.0, 0.05027504663234402, 0.0, 0.0, 0.0, 0.0, 0.0, 0.0, 0.0, 0.0, 0.0, 0.0, 0.0, 0.0, 0.0, 0.0, 0.0, 0.0, 0.0, 0.0, 0.0, 0.0, 0.0, 0.0, 0.0, 0.0, 0.0, 0.0, 0.0, 0.20288365184256354, 0.0, 0.0, 0.08095133832125295, 0.0, 0.0, 0.0, 0.0, 0.0, 0.0, 0.02441965146792039, 0.0, 0.0, 0.0, 0.0, 0.14312419075308913, 0.0, 0.0, 0.18108071396663358, 0.0024805520165720506, 0.0, 0.0, 0.0, 0.0, 0.0, 0.0, 0.0, 0.0, 0.0, 0.0, 0.0, 0.0, 0.0, 0.0, 0.0, 0.0, 0.0, 0.0, 0.0, 0.0, 0.0, 0.0, 0.0, 0.0, 0.0, 0.0, 0.0, 0.0, 0.0, 0.0, 0.0, 0.0, 0.0, 0.0, 0.044151108688978, 0.0, 0.0, 0.0, 0.0, 0.0, 0.0, 0.0, 0.0, 0.0, 0.0, 0.0, 0.0, 0.0, 0.0, 0.0, 0.0, 0.19777434026308155, 0.0, 0.0, 0.0, 0.0, 0.07314150761637603, 0.0, 0.0, 0.0, 0.0, 0.0, 0.0, 0.0, 0.0, 0.0, 0.0, 0.0, 0.0, 0.12785440181808697, 0.0, 0.0, 0.0, 0.20629739914820944, 0.0, 0.0, 0.0, 0.0, 0.1597236215204698, 0.22748901011565176, 0.0, 0.1445245504373281, 0.0, 0.0, 0.0, 0.0041395299902976255, 0.0, 0.0, 0.0, 0.0, 0.0, 0.0, 0.0, 0.0, 0.0, 0.0, 0.0, 0.0, 0.0, 0.0, 0.0, 0.0, 0.0, 0.0, 0.0, 0.0, 0.0, 0.0, 0.0, 0.0, 0.0, 0.0, 0.0, 0.0, 0.0, 0.0, 0.0, 0.032715813052883874, 0.0, 0.036071513907789295, 0.0, 0.0, 0.0, 0.0, 0.0, 0.0, 0.0, 0.0, 0.04970499085204906, 0.0, 0.0, 0.028612729164188014, 0.0, 0.0, 0.0, 0.10265720493623685, 0.0, 0.0, 0.0, 0.0, 0.0, 0.14349777157164884, 0.0, 0.0, 0.0, 0.0, 0.0, 0.0, 0.0, 0.0, 0.0, 0.0, 0.0, 0.0, 0.0, 0.0, 0.0, 0.0, 0.14943035301289184, 0.0, 0.0, 0.0, 0.0, 0.13843173223891794, 0.0, 0.0, 0.0, 0.0, 0.0, 0.0, 0.0, 0.0, 0.0, 0.0, 0.1539084408703616, 0.0, 0.0, 0.0]


rep=1
iter=  1 :: obj= -0.23086191 :: val1_1=  0.73696380 :: val1_2=  0.27523998 :: -0.5*(val1_1 - val1_2)= -0.23086191
iter= 50 :: obj= -7.16921455 :: val1_1=  6.99740395 :: val1_2= -7.34102514 :: -0.5*(val1_1 - val1_2)= -7.16921455
iter=100 :: obj= -7.56858474 :: val1_1=  7.63232204 :: val1_2= -7.50484743 :: -0.5*(val1_1 - val1_2)= -7.56858474
iter=150 :: obj= -7.85785898 :: val1_1=  8.75195892 :: val1_2= -6.96375904 :: -0.5*(val1_1 - val1_2)= -7.85785898
iter=200 :: obj= -8.11112564 :: val1_1=  8.33303050 :: val1_2= -7.88922079 :: -0.5*(val1_1 - val1_2)= -8.11112564
iter=250 :: obj= -8.46263364 :: val1_1=  8.17013968 :: val1_2= -8.75512760 :: -0.5*(val1_1 - val1_2)= -8.46263364
iter=300 :: obj= -8.58486891 :: val1_1=  8.54123317 :: val1_2= -8.62850465 :: -0.5*(val1_1 - val1_2)= -8.58486891
time consumed: 136.169324s, after for-iter
prb(last 2)=[(9.400858568184001e-07-3.9277961087383457e-07j), (1.857479240611103e-08-7.760780232505091e-09j)]
time consumed: 136.257154s
[(6, '00000000110', 0.0799514164226905), (21, '00000010101', 0.12712396323153366), (34, '00000100010', 0.04116078552809645), (58, '00000111010', 0.02264065775236599), (65, '00001000001', 0.06815371805279037)]
initial_state_phi1=[0.0, 0.0, 0.0, 0.0, 0.0, 0.0, 0.21525987507755145, 0.0, 0.0, 0.0, 0.0, 0.19357148744842761, 0.0, 0.0, 0.0, 0.0, 0.0, 0.0, 0.0, 0.0, 0.0, 0.0, 0.0, 0.0, 0.0, 0.0, 0.0, 0.0, 0.0, 0.0, 0.0, 0.0, 0.0, 0.004905915790097756, 0.0, 0.0, 0.0, 0.0, 0.0, 0.0, 0.0, 0.0, 0.0, 0.0, 0.0, 0.0, 0.0, 0.0, 0.0, 0.0, 0.0, 0.06673172222956912, 0.0, 0.0, 0.0, 0.0, 0.0, 0.2117003039159625, 0.0, 0.0, 0.2073916397825905, 0.0, 0.0, 0.0, 0.0, 0.0, 0.0, 0.0, 0.2292717200226778, 0.0, 0.0, 0.0, 0.0, 0.0, 0.0, 0.0, 0.0, 0.0, 0.0, 0.0, 0.0, 0.0, 0.0, 0.0, 0.0, 0.0, 0.0, 0.0, 0.0, 0.0, 0.0, 0.0, 0.0, 0.0, 0.0, 0.0, 0.0, 0.0, 0.0, 0.0, 0.0, 0.0, 0.0, 0.0, 0.0, 0.0, 0.0, 0.0, 0.0, 0.0, 0.0, 0.15213468491983934, 0.0, 0.0, 0.0, 0.0, 0.0, 0.0, 0.0, 0.0, 0.0, 0.0, 0.0, 0.0, 0.0, 0.0, 0.0, 0.0, 0.0, 0.0, 0.0, 0.0, 0.09330929261435873, 0.0, 0.0, 0.24496020205981928, 0.0, 0.0, 0.0, 0.0, 0.013884115429049085, 0.0, 0.0, 0.0994277788625304, 0.0, 0.1430859092306437, 0.0, 0.0, 0.0, 0.000672919230703466, 0.21225479016133658, 0.0, 0.0, 0.0, 0.0, 0.0, 0.0, 0.0, 0.0, 0.0, 0.0, 0.0, 0.0, 0.12493743244914296, 0.0, 0.020677574732928142, 0.0, 0.1317926944129849, 0.0, 0.0, 0.0, 0.0, 0.0, 0.0, 0.0, 0.0, 0.0, 0.06494478340085523, 0.0, 0.0, 0.0, 0.0, 0.0, 0.0, 0.0, 0.0, 0.0, 0.05191266841240368, 0.0, 0.0, 0.0, 0.0, 0.0, 0.0, 0.23706916692329588, 0.0, 0.0, 0.0, 0.0, 0.0, 0.0, 0.0, 0.0, 0.0, 0.04035828140752601, 0.12469957139687515, 0.0, 0.0, 0.0, 0.0, 0.0, 0.0, 0.0, 0.0, 0.0, 0.0, 0.0, 0.0, 0.0, 0.0, 0.0, 0.06029838366095997, 0.0, 0.0, 0.0, 0.0, 0.0, 0.0, 0.0, 0.0, 0.0, 0.0, 0.0, 0.0, 0.0, 0.0, 0.0, 0.0, 0.0, 0.0, 0.0, 0.0, 0.0, 0.04419682724213727, 0.0, 0.0, 0.0, 0.0, 0.0, 0.0, 0.0, 0.04393779117210457, 0.0, 0.0, 0.0, 0.0, 0.0, 0.0, 0.0, 0.0, 0.0, 0.0, 0.017783492602084564, 0.0, 0.0, 0.0, 0.0, 0.0, 0.0, 0.13046036243495426, 0.0, 0.0, 0.057590857138705785, 0.025596235082635397, 0.0, 0.0, 0.0, 0.0, 0.0, 0.22749819975815308, 0.0, 0.0, 0.0, 0.0, 0.0, 0.0, 0.05027504663234402, 0.0, 0.0, 0.0, 0.0, 0.0, 0.0, 0.0, 0.0, 0.0, 0.0, 0.0, 0.0, 0.0, 0.0, 0.0, 0.0, 0.0, 0.0, 0.0, 0.0, 0.0, 0.0, 0.0, 0.0, 0.0, 0.0, 0.0, 0.20288365184256354, 0.0, 0.0, 0.08095133832125295, 0.0, 0.0, 0.0, 0.0, 0.0, 0.0, 0.02441965146792039, 0.0, 0.0, 0.0, 0.0, 0.14312419075308913, 0.0, 0.0, 0.18108071396663358, 0.0024805520165720506, 0.0, 0.0, 0.0, 0.0, 0.0, 0.0, 0.0, 0.0, 0.0, 0.0, 0.0, 0.0, 0.0, 0.0, 0.0, 0.0, 0.0, 0.0, 0.0, 0.0, 0.0, 0.0, 0.0, 0.0, 0.0, 0.0, 0.0, 0.0, 0.0, 0.0, 0.0, 0.0, 0.0, 0.0, 0.044151108688978, 0.0, 0.0, 0.0, 0.0, 0.0, 0.0, 0.0, 0.0, 0.0, 0.0, 0.0, 0.0, 0.0, 0.0, 0.0, 0.0, 0.19777434026308155, 0.0, 0.0, 0.0, 0.0, 0.07314150761637603, 0.0, 0.0, 0.0, 0.0, 0.0, 0.0, 0.0, 0.0, 0.0, 0.0, 0.0, 0.0, 0.12785440181808697, 0.0, 0.0, 0.0, 0.20629739914820944, 0.0, 0.0, 0.0, 0.0, 0.1597236215204698, 0.22748901011565176, 0.0, 0.1445245504373281, 0.0, 0.0, 0.0, 0.0041395299902976255, 0.0, 0.0, 0.0, 0.0, 0.0, 0.0, 0.0, 0.0, 0.0, 0.0, 0.0, 0.0, 0.0, 0.0, 0.0, 0.0, 0.0, 0.0, 0.0, 0.0, 0.0, 0.0, 0.0, 0.0, 0.0, 0.0, 0.0, 0.0, 0.0, 0.0, 0.0, 0.032715813052883874, 0.0, 0.036071513907789295, 0.0, 0.0, 0.0, 0.0, 0.0, 0.0, 0.0, 0.0, 0.04970499085204906, 0.0, 0.0, 0.028612729164188014, 0.0, 0.0, 0.0, 0.10265720493623685, 0.0, 0.0, 0.0, 0.0, 0.0, 0.14349777157164884, 0.0, 0.0, 0.0, 0.0, 0.0, 0.0, 0.0, 0.0, 0.0, 0.0, 0.0, 0.0, 0.0, 0.0, 0.0, 0.0, 0.14943035301289184, 0.0, 0.0, 0.0, 0.0, 0.13843173223891794, 0.0, 0.0, 0.0, 0.0, 0.0, 0.0, 0.0, 0.0, 0.0, 0.0, 0.1539084408703616, 0.0, 0.0, 0.0]


rep=1
iter=  1 :: obj=  0.44022154 :: val1_1= -0.52668647 :: val1_2=  0.35375661 :: -0.5*(val1_1 - val1_2)=  0.44022154
iter= 50 :: obj= -4.66215762 :: val1_1=  4.90844950 :: val1_2= -4.41586575 :: -0.5*(val1_1 - val1_2)= -4.66215762
iter=100 :: obj= -6.37544162 :: val1_1=  6.09984794 :: val1_2= -6.65103531 :: -0.5*(val1_1 - val1_2)= -6.37544162
iter=150 :: obj= -7.14267106 :: val1_1=  6.91926503 :: val1_2= -7.36607710 :: -0.5*(val1_1 - val1_2)= -7.14267106
iter=200 :: obj= -7.36378362 :: val1_1=  7.03844695 :: val1_2= -7.68912030 :: -0.5*(val1_1 - val1_2)= -7.36378362
time consumed: 97.063556s, after for-iter
prb(last 2)=[(0.0018437651392257674+0.00077034809957802j), (0.00012104569301055323+5.057440212885378e-05j)]
time consumed: 97.149252s
[(-114, '11110001110', 0.05079737922896816), (-104, '11110011000', 0.04634505607392684), (-69, '11110111011', 0.08567448459954381), (-66, '11110111110', 0.026232889144364294), (-54, '11111001010', 0.016185620962284934), (-51, '11111001101', 0.07280010133236074)]
vqs_res_min:  -114
vqs_res_max:  65
=========================================
k_helper=  0
k_binary_global_search_max=  -129
k_binary_global_search_min=  129
=========================================
Quantum Solution for Max=  194
Quantum Solution for Min=  -243
Classical Solution for Max:  251
Classical Solution for Min:  -250
done
