Running "module reset". Resetting modules to system default. The following $MODULEPATH directories have been removed: None

Currently Loaded Modules:
  1) cue-login-env/1.0   4) openmpi/4.1.2   7) default
  2) gcc/11.2.0          5) cuda/11.6.1     8) cudnn/8.4.1.50
  3) ucx/1.11.2          6) modtree/gpu     9) anaconda3_gpu/4.13.0

 

job is starting on gpuc05.delta.ncsa.illinois.edu
[0.         0.44352971 0.         0.46791789 0.24878469 0.
 0.         0.26406942 0.         0.         0.         0.3761434
 0.22479211 0.08063917 0.44821837 0.         0.         0.
 0.         0.         0.         0.13540175 0.         0.
 0.16685305 0.         0.08435913 0.         0.         0.
 0.         0.        ]
seed  5
N_test  5
num_overflow_bit  2
threshold_helper_u  0.25
threshold_helper_l  -0.25
device_name_standard_maker  default.qubit
device_global_search default.qubit
threshold_max  -0.75
threshold_min  0.75
threshold_min_backtrack  -0.98
threshold_max_backtrack  0.98
vqs_find_sucess  0.016
14
-11
-7
0
-0.06169922855522891
9
-1.0000000000001703
k_binary_global_search_max:  0
done
k_binary_global_search_min:  0
done
initial_state_phi1=[0.0, 0.4435297053486769, 0.0, 0.4679178921435233, 0.24878469435247882, 0.0, 0.0, 0.26406942268879224, 0.0, 0.0, 0.0, 0.37614339638846467, 0.22479210683934686, 0.0806391682980426, 0.44821836677619425, 0.0, 0.0, 0.0, 0.0, 0.0, 0.0, 0.1354017463692817, 0.0, 0.0, 0.16685305020902472, 0.0, 0.08435913427058056, 0.0, 0.0, 0.0, 0.0, 0.0]


rep=1
iter=  1 :: obj= -0.59788376 :: val1_1=  0.50577345 :: val1_2= -0.68999406 :: -0.5*(val1_1 - val1_2)= -0.59788376
iter= 50 :: obj= -4.93203312 :: val1_1=  4.96404242 :: val1_2= -4.90002381 :: -0.5*(val1_1 - val1_2)= -4.93203312
time consumed: 13.243931s, after for-iter
prb(last 2)=[(2.5783586547307026e-06-9.225514782581175e-07j), (1.6576065344407502e-06-5.931011017145036e-07j)]
time consumed: 13.272151s
[(0, '0000000', 0.16022201009204848), (4, '0000100', 0.2719933549243231), (5, '0000101', 0.11136353818581841), (7, '0000111', 0.39981942527395437)]
initial_state_phi1=[0.0, 0.4435297053486769, 0.0, 0.4679178921435233, 0.24878469435247882, 0.0, 0.0, 0.26406942268879224, 0.0, 0.0, 0.0, 0.37614339638846467, 0.22479210683934686, 0.0806391682980426, 0.44821836677619425, 0.0, 0.0, 0.0, 0.0, 0.0, 0.0, 0.1354017463692817, 0.0, 0.0, 0.16685305020902472, 0.0, 0.08435913427058056, 0.0, 0.0, 0.0, 0.0, 0.0]


rep=1
iter=  1 :: obj=  0.44518937 :: val1_1= -0.85529182 :: val1_2=  0.03508693 :: -0.5*(val1_1 - val1_2)=  0.44518937
iter= 50 :: obj= -5.13211418 :: val1_1=  5.21515964 :: val1_2= -5.04906872 :: -0.5*(val1_1 - val1_2)= -5.13211418
iter=100 :: obj= -5.32942717 :: val1_1=  5.28889616 :: val1_2= -5.36995818 :: -0.5*(val1_1 - val1_2)= -5.32942717
iter=150 :: obj= -5.44313111 :: val1_1=  5.35111824 :: val1_2= -5.53514398 :: -0.5*(val1_1 - val1_2)= -5.44313111
iter=200 :: obj= -5.61278528 :: val1_1=  5.60509381 :: val1_2= -5.62047675 :: -0.5*(val1_1 - val1_2)= -5.61278528
time consumed: 33.279825s, after for-iter
prb(last 2)=[(5.721580918653603e-06-2.0472143876823607e-06j), (0.0004745083541072449-0.00016978180391123828j)]
time consumed: 33.307549s
[(-15, '1110001', 0.04056958761534662), (-6, '1111010', 0.3591988858835873), (-4, '1111100', 0.3604429876527518), (-3, '1111101', 0.1256317086655171)]
vqs_res_min:  -15
vqs_res_max:  7
=========================================
k_helper=  -7
k_binary_global_search_max=  0
k_binary_global_search_min=  0
=========================================
Quantum Solution for Max=  14
Quantum Solution for Min=  -8
Classical Solution for Max:  14
Classical Solution for Min:  -11
done
