Running "module reset". Resetting modules to system default. The following $MODULEPATH directories have been removed: None

Currently Loaded Modules:
  1) cue-login-env/1.0   4) openmpi/4.1.2   7) default
  2) gcc/11.2.0          5) cuda/11.6.1     8) cudnn/8.4.1.50
  3) ucx/1.11.2          6) modtree/gpu     9) anaconda3_gpu/4.13.0

 

job is starting on gpuc05.delta.ncsa.illinois.edu
[0.05411639 0.         0.05039296 0.         0.11906244 0.14912786
 0.18670919 0.12637735 0.07235254 0.04576174 0.0196827  0.
 0.10758016 0.03859199 0.21450665 0.06681543 0.         0.07217689
 0.15328278 0.14134996 0.14624774 0.06480006 0.0693993  0.06181847
 0.0798519  0.         0.04037228 0.23498217 0.23407927 0.04593078
 0.         0.04986553 0.17060438 0.19002617 0.         0.14081977
 0.00040032 0.         0.15596607 0.24027059 0.06316152 0.19562868
 0.         0.22494329 0.00053977 0.         0.23925755 0.09725277
 0.19836764 0.13321244 0.18791496 0.         0.00709667 0.0210928
 0.02716965 0.06124728 0.         0.15400877 0.         0.13799664
 0.15488396 0.19792151 0.22590206 0.22247559]
31
-32
10
0
0.16086775480505244
17
-0.4144995032713208
26
-0.5889553197975448
30
-0.6863251691989569
32
-0.7375000682336527
33
-0.7471325944117422
34
-0.7547756398802118
k_binary_global_search_max:  -33
done
k_binary_global_search_min:  0
done
initial_state_phi1=[0.05411638624730519, 0.0, 0.050392962991383385, 0.0, 0.1190624396713621, 0.14912786283806645, 0.1867091910425441, 0.12637734724705535, 0.0723525435618011, 0.045761743332835926, 0.01968270314410316, 0.0, 0.10758015772963263, 0.03859198868975297, 0.2145066536057802, 0.0668154284634845, 0.0, 0.07217688688907063, 0.1532827752201528, 0.14134996469924915, 0.14624774251487732, 0.0648000565326138, 0.06939930179074927, 0.06181846596473833, 0.07985190277159354, 0.0, 0.040372275959183246, 0.23498216891330773, 0.23407927169244142, 0.04593078348685242, 0.0, 0.04986552920788295, 0.17060438007560533, 0.19002617148199674, 0.0, 0.14081976575142055, 0.0004003206609917195, 0.0, 0.15596607184220007, 0.2402705930776548, 0.06316151769129741, 0.19562868169304734, 0.0, 0.22494329115038106, 0.0005397696697206151, 0.0, 0.23925754577590608, 0.09725277130545007, 0.19836763826067816, 0.13321243516844009, 0.18791495844316244, 0.0, 0.007096671560851568, 0.021092800066335595, 0.02716965359689197, 0.06124727819441216, 0.0, 0.1540087722521453, 0.0, 0.13799664105801418, 0.15488396177733216, 0.19792150893897723, 0.22590205855894582, 0.22247559328866567]


rep=1
iter=  1 :: obj=  0.16244665 :: val1_1= -0.63917531 :: val1_2= -0.31428201 :: -0.5*(val1_1 - val1_2)=  0.16244665
iter= 50 :: obj= -3.26084986 :: val1_1=  3.40355609 :: val1_2= -3.11814363 :: -0.5*(val1_1 - val1_2)= -3.26084986
iter=100 :: obj= -3.41899548 :: val1_1=  3.38528755 :: val1_2= -3.45270342 :: -0.5*(val1_1 - val1_2)= -3.41899548
iter=150 :: obj= -3.46145944 :: val1_1=  3.46779125 :: val1_2= -3.45512762 :: -0.5*(val1_1 - val1_2)= -3.46145944
iter=200 :: obj= -3.52858445 :: val1_1=  3.52353458 :: val1_2= -3.53363432 :: -0.5*(val1_1 - val1_2)= -3.52858445
iter=250 :: obj= -3.72278016 :: val1_1=  3.71786785 :: val1_2= -3.72769247 :: -0.5*(val1_1 - val1_2)= -3.72278016
time consumed: 46.169463s, after for-iter
prb(last 2)=[(9.84037183594143e-12-6.231346711343141e-12j), (6.340420215098672e-10-4.01502681355239e-10j)]
time consumed: 46.202341s
[(0, '00000000', 0.024572594476749317), (1, '00000001', 0.06759003304304083), (3, '00000011', 0.020270534436869155), (4, '00000100', 0.3468584167635146), (5, '00000101', 0.36976660321661664), (8, '00001000', 0.03781478874643678)]
initial_state_phi1=[0.05411638624730519, 0.0, 0.050392962991383385, 0.0, 0.1190624396713621, 0.14912786283806645, 0.1867091910425441, 0.12637734724705535, 0.0723525435618011, 0.045761743332835926, 0.01968270314410316, 0.0, 0.10758015772963263, 0.03859198868975297, 0.2145066536057802, 0.0668154284634845, 0.0, 0.07217688688907063, 0.1532827752201528, 0.14134996469924915, 0.14624774251487732, 0.0648000565326138, 0.06939930179074927, 0.06181846596473833, 0.07985190277159354, 0.0, 0.040372275959183246, 0.23498216891330773, 0.23407927169244142, 0.04593078348685242, 0.0, 0.04986552920788295, 0.17060438007560533, 0.19002617148199674, 0.0, 0.14081976575142055, 0.0004003206609917195, 0.0, 0.15596607184220007, 0.2402705930776548, 0.06316151769129741, 0.19562868169304734, 0.0, 0.22494329115038106, 0.0005397696697206151, 0.0, 0.23925754577590608, 0.09725277130545007, 0.19836763826067816, 0.13321243516844009, 0.18791495844316244, 0.0, 0.007096671560851568, 0.021092800066335595, 0.02716965359689197, 0.06124727819441216, 0.0, 0.1540087722521453, 0.0, 0.13799664105801418, 0.15488396177733216, 0.19792150893897723, 0.22590205855894582, 0.22247559328866567]


rep=1
iter=  1 :: obj=  0.45678964 :: val1_1= -1.11091460 :: val1_2= -0.19733532 :: -0.5*(val1_1 - val1_2)=  0.45678964
iter= 50 :: obj= -5.43062516 :: val1_1=  5.20750658 :: val1_2= -5.65374375 :: -0.5*(val1_1 - val1_2)= -5.43062516
iter=100 :: obj= -6.50846325 :: val1_1=  6.48424314 :: val1_2= -6.53268336 :: -0.5*(val1_1 - val1_2)= -6.50846325
iter=150 :: obj= -6.70935302 :: val1_1=  6.72061758 :: val1_2= -6.69808846 :: -0.5*(val1_1 - val1_2)= -6.70935302
time consumed: 26.274596s, after for-iter
prb(last 2)=[(0.0012381573187400107+0.00031014226300712943j), (0.00018566533958274133+4.6506746524201355e-05j)]
time consumed: 26.306886s
[(-22, '11101010', 0.038260305729523346), (-21, '11101011', 0.06524349573451481), (-19, '11101101', 0.043858706369999015), (-16, '11110000', 0.03199690855970595), (-15, '11110001', 0.19937575395709872), (-13, '11110011', 0.07586912907957763), (-11, '11110101', 0.1146900645289046), (-8, '11111000', 0.08861405296758668), (-7, '11111001', 0.024579240192630802), (-6, '11111010', 0.10415456709982272), (-5, '11111011', 0.035142545267577506), (-4, '11111100', 0.03722035197052896)]
vqs_res_min:  -22
vqs_res_max:  8
=========================================
k_helper=  10
k_binary_global_search_max=  -33
k_binary_global_search_min=  0
=========================================
Quantum Solution for Max=  31
Quantum Solution for Min=  -32
Classical Solution for Max:  31
Classical Solution for Min:  -32
done
