Running "module reset". Resetting modules to system default. The following $MODULEPATH directories have been removed: None

Currently Loaded Modules:
  1) cue-login-env/1.0   4) openmpi/4.1.2   7) default
  2) gcc/11.2.0          5) cuda/11.6.1     8) cudnn/8.4.1.50
  3) ucx/1.11.2          6) modtree/gpu     9) anaconda3_gpu/4.13.0

 

job is starting on gpuc05.delta.ncsa.illinois.edu
slurmstepd: error: execve(): python3: No such file or directory
srun: error: gpuc05: task 0: Exited with exit code 2
done
