Running "module reset". Resetting modules to system default. The following $MODULEPATH directories have been removed: None

Currently Loaded Modules:
  1) cue-login-env/1.0   4) openmpi/4.1.2   7) default
  2) gcc/11.2.0          5) cuda/11.6.1     8) cudnn/8.4.1.50
  3) ucx/1.11.2          6) modtree/gpu     9) anaconda3_gpu/4.13.0

 

job is starting on gpuc06.delta.ncsa.illinois.edu
[0.23236599 0.34956628 0.39354103 0.         0.14003897 0.43295539
 0.23199225 0.14390395 0.2437851  0.10003461 0.36462938 0.15474145
 0.24364445 0.         0.30434822 0.09495696]
==================================================
seed  14
N_test  4
num_overflow_bit  2
threshold_helper_u  0.25
threshold_helper_l  -0.25
device_name_standard_maker  default.qubit
device_global_search default.qubit
threshold_max  -0.75
threshold_min  0.75
threshold_min_backtrack  -0.98
threshold_max_backtrack  0.98
vqs_find_sucess  0.016
7
-8
0
k_binary_global_search_max:  -5
done
k_binary_global_search_min:  5
done
initial_state_phi1=[0.23236599255172588, 0.34956628373452087, 0.3935410305214567, 0.0, 0.14003896855754672, 0.43295539491881124, 0.23199225281481617, 0.1439039481594516, 0.24378509841963036, 0.10003461456821637, 0.36462937691322744, 0.15474144523904898, 0.24364444798399224, 0.0, 0.30434822364438113, 0.09495695728416913]


rep=1
iter=  1 :: obj= -0.37403575 :: val1_1=  0.03240043 :: val1_2= -0.71567107 :: -0.5*(val1_1 - val1_2)= -0.37403575
iter= 50 :: obj= -2.73710311 :: val1_1=  2.57772647 :: val1_2= -2.89647975 :: -0.5*(val1_1 - val1_2)= -2.73710311
iter=100 :: obj= -2.81556611 :: val1_1=  2.87206631 :: val1_2= -2.75906592 :: -0.5*(val1_1 - val1_2)= -2.81556611
time consumed: 17.661229s, after for-iter
prb(last 2)=[(0.00022821229791196576-0.00012198201459479057j), (0.0004904795371267915-0.0002621667745499477j)]
time consumed: 17.684868s
[(0, '000000', 0.6467751482987973), (1, '000001', 0.25119075515689515), (2, '000010', 0.06969668221411923)]
initial_state_phi1=[0.23236599255172588, 0.34956628373452087, 0.3935410305214567, 0.0, 0.14003896855754672, 0.43295539491881124, 0.23199225281481617, 0.1439039481594516, 0.24378509841963036, 0.10003461456821637, 0.36462937691322744, 0.15474144523904898, 0.24364444798399224, 0.0, 0.30434822364438113, 0.09495695728416913]


rep=1
iter=  1 :: obj=  0.15473235 :: val1_1= -1.12859739 :: val1_2= -0.81913270 :: -0.5*(val1_1 - val1_2)=  0.15473235
iter= 50 :: obj= -2.36923861 :: val1_1=  2.63878073 :: val1_2= -2.09969649 :: -0.5*(val1_1 - val1_2)= -2.36923861
iter=100 :: obj= -2.49203729 :: val1_1=  2.41659473 :: val1_2= -2.56747985 :: -0.5*(val1_1 - val1_2)= -2.49203729
iter=150 :: obj= -2.53715820 :: val1_1=  2.57741431 :: val1_2= -2.49690210 :: -0.5*(val1_1 - val1_2)= -2.53715820
time consumed: 19.26204s, after for-iter
prb(last 2)=[(0.046893279973284775+0.025064980346979453j), (0.5764374379024181+0.30811222973777036j)]
time consumed: 19.285936s
[(-3, '111101', 0.2882567631067758), (-2, '111110', 0.05317173070765458), (-1, '111111', 0.6536155337271939)]
vqs_res_min:  -3
vqs_res_max:  2
=========================================
k_helper=  0
k_binary_global_search_max=  -5
k_binary_global_search_min=  5
=========================================
Quantum Solution for Max=  7
Quantum Solution for Min=  -8
Classical Solution for Max:  7
Classical Solution for Min:  -8
done
