Running "module reset". Resetting modules to system default. The following $MODULEPATH directories have been removed: None

Currently Loaded Modules:
  1) cue-login-env/1.0   4) openmpi/4.1.2   7) default
  2) gcc/11.2.0          5) cuda/11.6.1     8) cudnn/8.4.1.50
  3) ucx/1.11.2          6) modtree/gpu     9) anaconda3_gpu/4.13.0

 

job is starting on gpuc06.delta.ncsa.illinois.edu
[0.08708459 0.13100814 0.1474887  0.00136351 0.05248288 0.
 0.08694452 0.05393137 0.09136417 0.         0.13665338 0.05799297
 0.09131145 0.         0.11406161 0.03558734 0.15801624 0.06341351
 0.12749283 0.12930928 0.14750086 0.         0.05084877 0.08046991
 0.11402505 0.04364748 0.11880585 0.11132468 0.         0.05457162
 0.15038785 0.01412301 0.12650077 0.01056484 0.12394505 0.12581405
 0.06911887 0.16798385 0.07661193 0.03217377 0.05958098 0.12112051
 0.06056526 0.00874645 0.         0.         0.04878374 0.07824852
 0.12458673 0.15990069 0.         0.03599352 0.02244753 0.03535976
 0.1687133  0.         0.         0.08511512 0.07728708 0.12445492
 0.10521512 0.10523659 0.02544584 0.09120736 0.02039211 0.02592925
 0.07628003 0.07270371 0.1243146  0.01246625 0.04723857 0.02800803
 0.08609246 0.0981506  0.10820825 0.03626536 0.07075601 0.07909884
 0.01407558 0.09662929 0.03872092 0.         0.16343365 0.01265068
 0.12377546 0.0851676  0.01569235 0.08878005 0.07357561 0.09285806
 0.15843127 0.16860525 0.         0.06000523 0.0744125  0.13140647
 0.10652782 0.01660397 0.11040731 0.16412612 0.04015008 0.
 0.01400712 0.         0.0490534  0.02778848 0.         0.04709927
 0.0011967  0.1268721  0.14467377 0.15685467 0.05119663 0.08033852
 0.12544198 0.         0.         0.06595966 0.15338759 0.12383678
 0.01291945 0.0349526  0.15052017 0.06993038 0.03465315 0.05878542
 0.06984461 0.12797839]
==================================================
seed  14
N_test  7
num_overflow_bit  2
threshold_helper_u  0.25
threshold_helper_l  -0.25
device_name_standard_maker  default.qubit
device_global_search default.qubit
threshold_max  -0.75
threshold_min  0.75
threshold_min_backtrack  -0.98
threshold_max_backtrack  0.98
vqs_find_sucess  0.016
63
-64
0
k_binary_global_search_max:  -33
done
k_binary_global_search_min:  33
done
initial_state_phi1=[0.0870845888849199, 0.13100813838011818, 0.1474887029550152, 0.0013635067230430788, 0.05248287785480251, 0.0, 0.08694452117973928, 0.053931369331478324, 0.09136416581018135, 0.0, 0.13665338475372812, 0.0579929747641587, 0.09131145377074079, 0.0, 0.11406161307372314, 0.03558734002357932, 0.15801623967188058, 0.06341350762847917, 0.1274928322217353, 0.12930928485214252, 0.14750086387034808, 0.0, 0.05084876972706262, 0.08046990760360181, 0.11402505401472411, 0.04364747864247037, 0.11880584730625826, 0.11132468347188246, 0.0, 0.05457162480145635, 0.15038785012478392, 0.014123010856876367, 0.12650077146911015, 0.010564838417446558, 0.1239450495010945, 0.12581405494492862, 0.06911886561917804, 0.16798384867254473, 0.07661192864738686, 0.03217376986533362, 0.05958097742651733, 0.12112051037345496, 0.06056525887312414, 0.008746451545607303, 0.0, 0.0, 0.04878373536749147, 0.07824851532426004, 0.12458673108830214, 0.1599006864487367, 0.0, 0.035993516435284895, 0.02244752967431708, 0.03535976495285503, 0.16871329565578413, 0.0, 0.0, 0.08511512400719118, 0.07728708084550669, 0.1244549236851925, 0.10521512472533383, 0.10523659079390796, 0.025445843922654435, 0.09120736383163311, 0.02039211199373979, 0.025929248497140817, 0.07628003168048647, 0.07270371221095163, 0.12431459900083938, 0.012466253855340031, 0.047238571461263694, 0.028008029637971343, 0.08609245978427199, 0.09815060180249707, 0.10820824817013043, 0.036265360178409374, 0.07075600507538832, 0.07909883744135157, 0.014075575797743692, 0.09662929260898276, 0.038720917857527425, 0.0, 0.16343364823965484, 0.012650676053954514, 0.12377545547397166, 0.08516759831458992, 0.015692345413850405, 0.08878004681598288, 0.07357560540488925, 0.09285806316650565, 0.1584312715119567, 0.16860525114835478, 0.0, 0.06000523117795332, 0.07441249796563124, 0.13140647135502645, 0.10652782011396555, 0.01660396848372676, 0.11040731405927036, 0.16412611992487866, 0.0401500766323423, 0.0, 0.014007120282800682, 0.0, 0.04905339645875369, 0.027788482442081184, 0.0, 0.047099265324109844, 0.001196701753140922, 0.12687210407006363, 0.1446737659495661, 0.15685467422853364, 0.051196626529563805, 0.08033851999907009, 0.12544197516271505, 0.0, 0.0, 0.0659596624076792, 0.15338758784246792, 0.12383678160830415, 0.012919446152899743, 0.0349526043520787, 0.15052017375966972, 0.06993038038043112, 0.034653150859457166, 0.05878542034825603, 0.06984461239807707, 0.12797838844916765]


rep=1
iter=  1 :: obj=  0.76824192 :: val1_1= -0.84932330 :: val1_2=  0.68716054 :: -0.5*(val1_1 - val1_2)=  0.76824192
iter= 50 :: obj= -5.37267585 :: val1_1=  5.21781077 :: val1_2= -5.52754092 :: -0.5*(val1_1 - val1_2)= -5.37267585
iter=100 :: obj= -6.20107339 :: val1_1=  6.19134795 :: val1_2= -6.21079884 :: -0.5*(val1_1 - val1_2)= -6.20107339
iter=150 :: obj= -6.49511971 :: val1_1=  6.51315649 :: val1_2= -6.47708293 :: -0.5*(val1_1 - val1_2)= -6.49511971
time consumed: 37.474176s, after for-iter
prb(last 2)=[(3.0864721541327216e-09-1.3230629248455295e-09j), (7.65663194000043e-10-3.2821309697772384e-10j)]
time consumed: 37.517619s
[(0, '000000000', 0.022549967552483546), (1, '000000001', 0.029380730202608354), (2, '000000010', 0.020409286314452796), (3, '000000011', 0.02145314126162317), (4, '000000100', 0.12749220738747608), (5, '000000101', 0.0300132960884392), (7, '000000111', 0.023649409012857135), (8, '000001000', 0.050041400593087725), (9, '000001001', 0.023547817747665747), (15, '000001111', 0.02367371401449034), (16, '000010000', 0.0491628805401901), (18, '000010010', 0.018500533328828856), (21, '000010101', 0.06441275574308027), (24, '000011000', 0.04637749545041878), (25, '000011001', 0.03499759600195983), (26, '000011010', 0.038521237195024254), (27, '000011011', 0.023172761461391782), (28, '000011100', 0.045235515158375504), (30, '000011110', 0.030120886093132803)]
initial_state_phi1=[0.0870845888849199, 0.13100813838011818, 0.1474887029550152, 0.0013635067230430788, 0.05248287785480251, 0.0, 0.08694452117973928, 0.053931369331478324, 0.09136416581018135, 0.0, 0.13665338475372812, 0.0579929747641587, 0.09131145377074079, 0.0, 0.11406161307372314, 0.03558734002357932, 0.15801623967188058, 0.06341350762847917, 0.1274928322217353, 0.12930928485214252, 0.14750086387034808, 0.0, 0.05084876972706262, 0.08046990760360181, 0.11402505401472411, 0.04364747864247037, 0.11880584730625826, 0.11132468347188246, 0.0, 0.05457162480145635, 0.15038785012478392, 0.014123010856876367, 0.12650077146911015, 0.010564838417446558, 0.1239450495010945, 0.12581405494492862, 0.06911886561917804, 0.16798384867254473, 0.07661192864738686, 0.03217376986533362, 0.05958097742651733, 0.12112051037345496, 0.06056525887312414, 0.008746451545607303, 0.0, 0.0, 0.04878373536749147, 0.07824851532426004, 0.12458673108830214, 0.1599006864487367, 0.0, 0.035993516435284895, 0.02244752967431708, 0.03535976495285503, 0.16871329565578413, 0.0, 0.0, 0.08511512400719118, 0.07728708084550669, 0.1244549236851925, 0.10521512472533383, 0.10523659079390796, 0.025445843922654435, 0.09120736383163311, 0.02039211199373979, 0.025929248497140817, 0.07628003168048647, 0.07270371221095163, 0.12431459900083938, 0.012466253855340031, 0.047238571461263694, 0.028008029637971343, 0.08609245978427199, 0.09815060180249707, 0.10820824817013043, 0.036265360178409374, 0.07075600507538832, 0.07909883744135157, 0.014075575797743692, 0.09662929260898276, 0.038720917857527425, 0.0, 0.16343364823965484, 0.012650676053954514, 0.12377545547397166, 0.08516759831458992, 0.015692345413850405, 0.08878004681598288, 0.07357560540488925, 0.09285806316650565, 0.1584312715119567, 0.16860525114835478, 0.0, 0.06000523117795332, 0.07441249796563124, 0.13140647135502645, 0.10652782011396555, 0.01660396848372676, 0.11040731405927036, 0.16412611992487866, 0.0401500766323423, 0.0, 0.014007120282800682, 0.0, 0.04905339645875369, 0.027788482442081184, 0.0, 0.047099265324109844, 0.001196701753140922, 0.12687210407006363, 0.1446737659495661, 0.15685467422853364, 0.051196626529563805, 0.08033851999907009, 0.12544197516271505, 0.0, 0.0, 0.0659596624076792, 0.15338758784246792, 0.12383678160830415, 0.012919446152899743, 0.0349526043520787, 0.15052017375966972, 0.06993038038043112, 0.034653150859457166, 0.05878542034825603, 0.06984461239807707, 0.12797838844916765]


rep=1
iter=  1 :: obj=  0.37279109 :: val1_1= -0.38956802 :: val1_2=  0.35601415 :: -0.5*(val1_1 - val1_2)=  0.37279109
iter= 50 :: obj= -5.70488198 :: val1_1=  5.95500534 :: val1_2= -5.45475862 :: -0.5*(val1_1 - val1_2)= -5.70488198
iter=100 :: obj= -6.42951954 :: val1_1=  6.44410830 :: val1_2= -6.41493077 :: -0.5*(val1_1 - val1_2)= -6.42951954
time consumed: 23.400499s, after for-iter
prb(last 2)=[(0.013841397234166887+0.0059333240637997105j), (0.011917874606795663+0.005108777025748959j)]
time consumed: 23.443255s
[(-28, '111100100', 0.02168077229041205), (-27, '111100101', 0.05191082690971347), (-22, '111101010', 0.02695339783456737), (-21, '111101011', 0.07004667918389042), (-16, '111110000', 0.02558099834707396), (-13, '111110011', 0.08523064279339841), (-11, '111110101', 0.0713993875824026), (-10, '111110110', 0.021747799131877885), (-8, '111111000', 0.029520837731448143), (-7, '111111001', 0.02905172596400885), (-6, '111111010', 0.03037584423419238), (-5, '111111011', 0.07531082289570006), (-4, '111111100', 0.10144289318973798)]
vqs_res_min:  -28
vqs_res_max:  30
=========================================
k_helper=  0
k_binary_global_search_max=  -33
k_binary_global_search_min=  33
=========================================
Quantum Solution for Max=  63
Quantum Solution for Min=  -61
Classical Solution for Max:  63
Classical Solution for Min:  -64
done
