Running "module reset". Resetting modules to system default. The following $MODULEPATH directories have been removed: None

Currently Loaded Modules:
  1) cue-login-env/1.0   4) openmpi/4.1.2   7) default
  2) gcc/11.2.0          5) cuda/11.6.1     8) cudnn/8.4.1.50
  3) ucx/1.11.2          6) modtree/gpu     9) anaconda3_gpu/4.13.0

 

job is starting on gpuc03.delta.ncsa.illinois.edu
slurmstepd: error: *** STEP 1717082.0 ON gpuc03 CANCELLED AT 2023-04-21T08:57:39 DUE TO TIME LIMIT ***
slurmstepd: error: *** JOB 1717082 ON gpuc03 CANCELLED AT 2023-04-21T08:57:39 DUE TO TIME LIMIT ***
srun: Job step aborted: Waiting up to 32 seconds for job step to finish.
