Running "module reset". Resetting modules to system default. The following $MODULEPATH directories have been removed: None

Currently Loaded Modules:
  1) cue-login-env/1.0   4) openmpi/4.1.2   7) default
  2) gcc/11.2.0          5) cuda/11.6.1     8) cudnn/8.4.1.50
  3) ucx/1.11.2          6) modtree/gpu     9) anaconda3_gpu/4.13.0

 

job is starting on gpuc05.delta.ncsa.illinois.edu
[0.         0.50238838 0.         0.         0.         0.62223323
 0.         0.         0.         0.         0.         0.22239074
 0.         0.00381668 0.         0.13646989 0.         0.24317733
 0.         0.         0.         0.         0.         0.
 0.43726186 0.16737881 0.         0.         0.11826528 0.
 0.         0.        ]
==================================================
seed  14
N_test  5
num_overflow_bit  2
threshold_helper_u  0.25
threshold_helper_l  -0.25
device_name_standard_maker  default.qubit
device_global_search default.qubit
threshold_max  -0.75
threshold_min  0.75
threshold_min_backtrack  -0.98
threshold_max_backtrack  0.98
vqs_find_sucess  0.016
15
-15
-3
k_binary_global_search_max:  0
done
k_binary_global_search_min:  9
done
initial_state_phi1=[0.0, 0.5023883772762857, 0.0, 0.0, 0.0, 0.622233231313192, 0.0, 0.0, 0.0, 0.0, 0.0, 0.2223907372888203, 0.0, 0.0038166774138705356, 0.0, 0.1364698882610693, 0.0, 0.24317732920097598, 0.0, 0.0, 0.0, 0.0, 0.0, 0.0, 0.4372618568862256, 0.16737880744300251, 0.0, 0.0, 0.11826528087717533, 0.0, 0.0, 0.0]


rep=1
iter=  1 :: obj= -0.00204643 :: val1_1=  0.27388005 :: val1_2=  0.26978719 :: -0.5*(val1_1 - val1_2)= -0.00204643
iter= 50 :: obj= -4.49322651 :: val1_1=  4.65018710 :: val1_2= -4.33626592 :: -0.5*(val1_1 - val1_2)= -4.49322651
iter=100 :: obj= -5.09901157 :: val1_1=  4.91333214 :: val1_2= -5.28469101 :: -0.5*(val1_1 - val1_2)= -5.09901157
iter=150 :: obj= -5.26149773 :: val1_1=  5.20669642 :: val1_2= -5.31629904 :: -0.5*(val1_1 - val1_2)= -5.26149773
iter=200 :: obj= -5.32284540 :: val1_1=  5.29280625 :: val1_2= -5.35288454 :: -0.5*(val1_1 - val1_2)= -5.32284540
time consumed: 31.875149s, after for-iter
prb(last 2)=[(3.858146152098955e-10-5.7230191966141184e-11j), (6.985101055782701e-05-1.036141863162328e-05j)]
time consumed: 31.904357s
[(2, '0000010', 0.7916008759811746), (8, '0001000', 0.13137410100857422), (12, '0001100', 0.05212776445649948)]
initial_state_phi1=[0.0, 0.5023883772762857, 0.0, 0.0, 0.0, 0.622233231313192, 0.0, 0.0, 0.0, 0.0, 0.0, 0.2223907372888203, 0.0, 0.0038166774138705356, 0.0, 0.1364698882610693, 0.0, 0.24317732920097598, 0.0, 0.0, 0.0, 0.0, 0.0, 0.0, 0.4372618568862256, 0.16737880744300251, 0.0, 0.0, 0.11826528087717533, 0.0, 0.0, 0.0]


rep=1
iter=  1 :: obj=  0.10360335 :: val1_1= -1.48730729 :: val1_2= -1.28010058 :: -0.5*(val1_1 - val1_2)=  0.10360335
iter= 50 :: obj= -3.34286308 :: val1_1=  4.06424115 :: val1_2= -2.62148500 :: -0.5*(val1_1 - val1_2)= -3.34286308
iter=100 :: obj= -3.92705003 :: val1_1=  4.01279075 :: val1_2= -3.84130931 :: -0.5*(val1_1 - val1_2)= -3.92705003
iter=150 :: obj= -4.06664311 :: val1_1=  4.00003833 :: val1_2= -4.13324788 :: -0.5*(val1_1 - val1_2)= -4.06664311
time consumed: 23.65034s, after for-iter
prb(last 2)=[(0.5913248521353776+0.17937643282987387j), (0.07923285617225351+0.024035024152589048j)]
time consumed: 23.678686s
[(-9, '1110111', 0.22921004792379657), (-2, '1111110', 0.6179328324403036), (-1, '1111111', 0.0827981152154356)]
vqs_res_min:  -9
vqs_res_max:  12
=========================================
k_helper=  -3
k_binary_global_search_max=  0
k_binary_global_search_min=  9
=========================================
Quantum Solution for Max=  15
Quantum Solution for Min=  -15
Classical Solution for Max:  15
Classical Solution for Min:  -15
done
