Running "module reset". Resetting modules to system default. The following $MODULEPATH directories have been removed: None

Currently Loaded Modules:
  1) cue-login-env/1.0   4) openmpi/4.1.2   7) default
  2) gcc/11.2.0          5) cuda/11.6.1     8) cudnn/8.4.1.50
  3) ucx/1.11.2          6) modtree/gpu     9) anaconda3_gpu/4.13.0

 

job is starting on gpuc05.delta.ncsa.illinois.edu
[0.12929931 0.19451504 0.21898465 0.00202447 0.07792424 0.24091665
 0.         0.08007489 0.13565344 0.         0.20289685 0.08610538
 0.13557517 0.         0.1693536  0.0528385  0.23461547 0.
 0.         0.19199266 0.         0.         0.07549799 0.
 0.         0.         0.17639762 0.16528993 0.04579002 0.
 0.22328917 0.02096922 0.1878227  0.0156862  0.18402808 0.
 0.10262461 0.24941493 0.11374998 0.04777018 0.         0.
 0.         0.01298634 0.07947979 0.25128208 0.07243191 0.11617991
 0.18498082 0.23741341 0.04412829 0.05344157 0.03332909 0.
 0.25049798 0.06205185 0.         0.12637514 0.         0.18478512
 0.         0.1562506  0.         0.13542063]
==================================================
seed  14
N_test  6
num_overflow_bit  2
threshold_helper_u  0.25
threshold_helper_l  -0.25
device_name_standard_maker  default.qubit
device_global_search default.qubit
threshold_max  -0.75
threshold_min  0.75
threshold_min_backtrack  -0.98
threshold_max_backtrack  0.98
vqs_find_sucess  0.016
31
-32
0
k_binary_global_search_max:  -17
done
k_binary_global_search_min:  26
done
initial_state_phi1=[0.1292993141631822, 0.19451504174555334, 0.21898464909906784, 0.002024473978735029, 0.07792423663966028, 0.24091664624198553, 0.0, 0.08007489219081519, 0.13565343914017575, 0.0, 0.20289685181937175, 0.08610538281575249, 0.13557517465463267, 0.0, 0.16935359667676544, 0.05283849550029373, 0.23461546615577125, 0.0, 0.0, 0.19199265978516733, 0.0, 0.0, 0.07549798576231545, 0.0, 0.0, 0.0, 0.17639762410286847, 0.1652899256534279, 0.045790024386297104, 0.0, 0.22328917353340363, 0.020969216724745977, 0.18782270435569307, 0.015686200958310182, 0.18402808234636273, 0.0, 0.10262460941403678, 0.24941492750863772, 0.113749975255853, 0.04777017875262743, 0.0, 0.0, 0.0, 0.012986341219374628, 0.07947979303316179, 0.2512820777293586, 0.07243191483248881, 0.11617990617242355, 0.18498082255217263, 0.2374134086958285, 0.04412829093686115, 0.053441568123535885, 0.03332909104482762, 0.0, 0.2504979778607028, 0.062051853175125536, 0.0, 0.12637514053821033, 0.0, 0.18478512079779877, 0.0, 0.15625059713498887, 0.0, 0.13542062655478812]


rep=1
iter=  1 :: obj=  0.11465039 :: val1_1= -1.28082386 :: val1_2= -1.05152309 :: -0.5*(val1_1 - val1_2)=  0.11465039
iter= 50 :: obj= -3.41331232 :: val1_1=  2.61352221 :: val1_2= -4.21310242 :: -0.5*(val1_1 - val1_2)= -3.41331232
iter=100 :: obj= -3.63317358 :: val1_1=  3.88491883 :: val1_2= -3.38142834 :: -0.5*(val1_1 - val1_2)= -3.63317358
iter=150 :: obj= -3.94472813 :: val1_1=  3.87695614 :: val1_2= -4.01250012 :: -0.5*(val1_1 - val1_2)= -3.94472813
time consumed: 32.379787s, after for-iter
prb(last 2)=[(0.0029381670154877302-0.0013023998646843281j), (0.007063331579426905-0.00313095955565938j)]
time consumed: 32.414833s
[(2, '00000010', 0.20012080403530141), (5, '00000101', 0.02660790069915584), (9, '00001001', 0.16415369180114114), (10, '00001010', 0.14162495550323442), (13, '00001101', 0.2542523662685788)]
initial_state_phi1=[0.1292993141631822, 0.19451504174555334, 0.21898464909906784, 0.002024473978735029, 0.07792423663966028, 0.24091664624198553, 0.0, 0.08007489219081519, 0.13565343914017575, 0.0, 0.20289685181937175, 0.08610538281575249, 0.13557517465463267, 0.0, 0.16935359667676544, 0.05283849550029373, 0.23461546615577125, 0.0, 0.0, 0.19199265978516733, 0.0, 0.0, 0.07549798576231545, 0.0, 0.0, 0.0, 0.17639762410286847, 0.1652899256534279, 0.045790024386297104, 0.0, 0.22328917353340363, 0.020969216724745977, 0.18782270435569307, 0.015686200958310182, 0.18402808234636273, 0.0, 0.10262460941403678, 0.24941492750863772, 0.113749975255853, 0.04777017875262743, 0.0, 0.0, 0.0, 0.012986341219374628, 0.07947979303316179, 0.2512820777293586, 0.07243191483248881, 0.11617990617242355, 0.18498082255217263, 0.2374134086958285, 0.04412829093686115, 0.053441568123535885, 0.03332909104482762, 0.0, 0.2504979778607028, 0.062051853175125536, 0.0, 0.12637514053821033, 0.0, 0.18478512079779877, 0.0, 0.15625059713498887, 0.0, 0.13542062655478812]


rep=1
iter=  1 :: obj=  0.02244398 :: val1_1= -0.41439563 :: val1_2= -0.36950767 :: -0.5*(val1_1 - val1_2)=  0.02244398
iter= 50 :: obj= -3.19850487 :: val1_1=  2.60286927 :: val1_2= -3.79414047 :: -0.5*(val1_1 - val1_2)= -3.19850487
iter=100 :: obj= -3.55451284 :: val1_1=  3.59763653 :: val1_2= -3.51138914 :: -0.5*(val1_1 - val1_2)= -3.55451284
iter=150 :: obj= -3.68451019 :: val1_1=  4.02858587 :: val1_2= -3.34043451 :: -0.5*(val1_1 - val1_2)= -3.68451019
iter=200 :: obj= -3.75035121 :: val1_1=  3.34374557 :: val1_2= -4.15695685 :: -0.5*(val1_1 - val1_2)= -3.75035121
time consumed: 39.856447s, after for-iter
prb(last 2)=[(0.045172973349579974+0.03350256036142747j), (0.27586954342769604+0.20459879758290916j)]
time consumed: 39.890941s
[(-6, '11111010', 0.19464789457207657), (-4, '11111100', 0.17945194496080943), (-2, '11111110', 0.0562407243197752), (-1, '11111111', 0.3434598564073794)]
vqs_res_min:  -6
vqs_res_max:  13
=========================================
k_helper=  0
k_binary_global_search_max=  -17
k_binary_global_search_min=  26
=========================================
Quantum Solution for Max=  30
Quantum Solution for Min=  -32
Classical Solution for Max:  31
Classical Solution for Min:  -32
done
